[  640.794232] NovaCore 0000:21:00.0: NVIDIA (Chipset: GA102, Architecture: Ampere, Revision: a.1)
[  641.557651] NovaCore: GSP firmware has size 0x3c99000
[  641.574097] NovaCore: FW SG table has 1 (from 19) entries
[  641.574122] NovaCore: lvl2 allocated with capacity 124104 size 0
[  641.574125] NovaCore: sl: 0xf8000000 0x3c99000
[  641.574347] NovaCore: lvl2 filled with capacity 124104 size 124104 or 15513 entries
[  641.574393] NovaCore: LVL2 SG table has 1 (from 1) entries
[  641.574398] NovaCore: lvl1 allocated with capacity 248 size 0
[  641.574399] NovaCore: sl: 0xf7da0000 0x1e4c8
[  641.574402] NovaCore: lvl1 filled with capacity 248 size 248 or 31 entries
[  641.574405] NovaCore: LVL1 SG table has 1 (from 1) entries
[  641.574412] NovaCore: LVL0 has DMA address 0xf7d9f000
[  641.574413] NovaCore: First entry of LVL0: f7e0e000
[  641.574415] NovaCore: LVL1 has DMA address 0xf7e0e000
[  641.574416] NovaCore: First entry of LVL1: f7da0000
[  641.574417] NovaCore: LVL2 has DMA address 0xf7da0000
[  641.574419] NovaCore: First entry of LVL2: f8000000
[  641.574746] NovaCore: sec2 hdr: BinHdr { bin_magic: 4318, bin_ver: 1, bin_size: 61440, header_offset: 24, data_offset: 888, data_size: 60416 }
[  641.574763] NovaCore: sec2 hs hdr: HsHeaderV2 { sig_prod_offset: 60, sig_prod_size: 768, patch_loc: 828, patch_sig: 832, meta_data_offset: 836, meta_data_size: 12, num_sig: 848, header_offset: 852, header_size: 36 }
[  641.574768] NovaCore: load header: HsLoadHeaderV2 { os_code_offset: 0, os_code_size: 256, os_data_offset: 35328, os_data_size: 25088, num_apps: 1 }
[  641.574771] NovaCore: app header: HsLoadHeaderV2App { offset: 256, len: 35072 }
[  641.574773] NovaCore: loc 35344 sig 0 num_sig 2 fuse 1 engine 1 ucode 3
[  641.574778] NovaCore: reg_fuse 1 idx 0
[  641.574779] NovaCore: signatures_start 60 sig_prod_size 768 signature_start 0 sig_size 384
[  641.574991] NovaCore: sec2 hdr: BinHdr { bin_magic: 4318, bin_ver: 1, bin_size: 41216, header_offset: 24, data_offset: 888, data_size: 40192 }
[  641.575005] NovaCore: sec2 hs hdr: HsHeaderV2 { sig_prod_offset: 60, sig_prod_size: 768, patch_loc: 828, patch_sig: 832, meta_data_offset: 836, meta_data_size: 12, num_sig: 848, header_offset: 852, header_size: 36 }
[  641.575009] NovaCore: load header: HsLoadHeaderV2 { os_code_offset: 0, os_code_size: 256, os_data_offset: 20480, os_data_size: 19712, num_apps: 1 }
[  641.575012] NovaCore: app header: HsLoadHeaderV2App { offset: 256, len: 20224 }
[  641.575014] NovaCore: loc 20496 sig 0 num_sig 2 fuse 1 engine 1 ucode 3
[  641.575017] NovaCore: reg_fuse 1 idx 0
[  641.575019] NovaCore: signatures_start 60 sig_prod_size 768 signature_start 0 sig_size 384
[  641.575156] NovaCore: BinHdr { bin_magic: 4318, bin_ver: 1, bin_size: 24832, header_offset: 24, data_offset: 108, data_size: 24576 }
[  641.575160] NovaCore: RmRiscvUCodeDesc { version: 5, bootloader_offset: 20480, bootloader_size: 2176, bootloader_param_offset: 22656, bootloader_param_size: 16, riscv_elf_offset: 0, riscv_elf_size: 0, app_version: 0, manifest_offset: 0, manifest_size: 2048, monitor_data_offset: 2048, monitor_data_size: 4096, monitor_code_offset: 6144, monitor_code_size: 10496 }
[  641.645283] NovaCore 0000:21:00.0: Found BIOS image: size: 0xfe00, type: PciAt, last: false
[  641.645392] NovaCore 0000:21:00.0: Found BIOS image: size: 0x14800, type: Efi, last: false
[  641.645424] NovaCore 0000:21:00.0: Found BIOS image: size: 0x5600, type: FwSec, last: false
[  641.958682] NovaCore 0000:21:00.0: Found BIOS image: size: 0x60800, type: FwSec, last: true
[  642.186474] NovaCore 0000:21:00.0: WPR2: 0x5ff200000-0x5ff2e0000
[  642.186730] gsp: 00000000: 00 00 00 00 00 00 00 00 00 00 00 00 00 00 00 00  ................
[  642.186732] gsp: 00000010: 00 00 00 00 00 00 00 00 00 00 00 00 00 00 00 00  ................
[  642.186734] gsp: 00000020: 1c 6f d0 90 00 00 00 00 01 00 00 00 00 00 00 00  .o..............
[  642.186735] gsp: 00000030: 00 00 00 03 56 52 50 43 c0 03 00 00 48 00 00 00  ....VRPC....H...
[  642.186736] gsp: 00000040: ff ff ff ff ff ff ff ff 00 00 00 00 00 00 00 00  ................
[  642.186738] gsp: 00000050: 00 00 00 95 00 00 00 00 00 00 00 e0 bf 38 00 00  .............8..
[  642.186739] gsp: 00000060: 00 00 00 f0 bf 38 00 00 00 00 00 00 00 00 00 00  .....8..........
[  642.186740] gsp: 00000070: 00 21 00 00 00 00 00 00 00 00 00 00 00 00 00 00  .!..............
[  642.186741] gsp: 00000080: 00 00 00 00 00 00 00 00 00 00 00 00 00 00 00 00  ................
[  642.186742] gsp: 00000090: 00 00 00 00 00 00 00 00 00 f0 ff ff ff 7f 00 00  ................
[  642.186744] gsp: 000000a0: 00 80 08 00 00 10 00 00 de 10 03 22 43 10 74 88  ..........."C.t.
[  642.186745] gsp: 000000b0: a1 00 00 00 00 00 00 00 00 00 00 00 00 00 00 00  ................
[  642.186746] gsp: 000000c0: 00 00 00 00 00 00 00 00 00 00 00 00 00 00 00 00  ................
[  642.186747] gsp: 000000d0: 00 00 00 00 00 00 00 00 00 00 00 00 00 00 00 00  ................
[  642.186748] gsp: 000000e0: 00 00 00 00 00 00 00 00 00 00 00 00 00 00 00 00  ................
[  642.186749] gsp: 000000f0: 00 00 00 00 00 00 00 00 00 00 00 00 00 00 00 00  ................
[  642.186750] gsp: 00000100: 00 00 00 00 00 00 00 00 00 00 00 00 00 00 00 00  ................
[  642.186752] gsp: 00000110: 00 00 00 00 00 00 00 00 00 00 00 00 00 00 00 00  ................
[  642.186753] gsp: 00000120: 00 00 00 00 00 00 00 00 00 00 00 00 00 00 00 00  ................
[  642.186754] gsp: 00000130: 00 00 00 00 00 00 00 00 00 00 00 00 00 00 00 00  ................
[  642.186755] gsp: 00000140: 00 00 00 00 00 00 00 00 00 00 00 00 00 00 00 00  ................
[  642.186756] gsp: 00000150: 00 00 00 00 00 00 00 00 00 00 00 00 00 00 00 00  ................
[  642.186757] gsp: 00000160: 00 00 00 00 00 00 00 00 00 00 00 00 00 00 00 00  ................
[  642.186759] gsp: 00000170: 00 00 00 00 00 00 00 00 00 00 00 00 00 00 00 00  ................
[  642.186760] gsp: 00000180: 00 00 00 00 00 00 00 00 00 00 00 00 00 00 00 00  ................
[  642.186761] gsp: 00000190: 00 00 00 00 00 00 00 00 00 00 00 00 00 00 00 00  ................
[  642.186762] gsp: 000001a0: 00 00 00 00 00 00 00 00 00 00 00 00 00 00 00 00  ................
[  642.186763] gsp: 000001b0: 00 00 00 00 00 00 00 00 00 00 00 00 00 00 00 00  ................
[  642.186764] gsp: 000001c0: 00 00 00 00 00 00 00 00 00 00 00 00 00 00 00 00  ................
[  642.186766] gsp: 000001d0: 00 00 00 00 00 00 00 00 00 00 00 00 00 00 00 00  ................
[  642.186767] gsp: 000001e0: 00 00 00 00 00 00 00 00 00 00 00 00 00 00 00 00  ................
[  642.186768] gsp: 000001f0: 00 00 00 00 00 00 00 00 00 00 00 00 00 00 00 00  ................
[  642.186769] gsp: 00000200: 00 00 00 00 00 00 00 00 00 00 00 00 00 00 00 00  ................
[  642.186770] gsp: 00000210: 00 00 00 00 00 00 00 00 00 00 00 00 00 00 00 00  ................
[  642.186771] gsp: 00000220: 00 00 00 00 00 00 00 00 00 00 00 00 00 00 00 00  ................
[  642.186772] gsp: 00000230: 00 00 00 00 00 00 00 00 00 00 00 00 00 00 00 00  ................
[  642.186774] gsp: 00000240: 00 00 00 00 00 00 00 00 00 00 00 00 00 00 00 00  ................
[  642.186775] gsp: 00000250: 00 00 00 00 00 00 00 00 00 00 00 00 00 00 00 00  ................
[  642.186776] gsp: 00000260: 00 00 00 00 00 00 00 00 00 00 00 00 00 00 00 00  ................
[  642.186777] gsp: 00000270: 00 00 00 00 00 00 00 00 00 00 00 00 00 00 00 00  ................
[  642.186778] gsp: 00000280: 00 00 00 00 00 00 00 00 00 00 00 00 00 00 00 00  ................
[  642.186779] gsp: 00000290: 00 00 00 00 00 00 00 00 00 00 00 00 00 00 00 00  ................
[  642.186780] gsp: 000002a0: 00 00 00 00 00 00 00 00 00 00 00 00 00 00 00 00  ................
[  642.186781] gsp: 000002b0: 00 00 00 00 00 00 00 00 00 00 00 00 00 00 00 00  ................
[  642.186782] gsp: 000002c0: 00 00 00 00 00 00 00 00 00 00 00 00 00 00 00 00  ................
[  642.186784] gsp: 000002d0: 00 00 00 00 00 00 00 00 00 00 00 00 00 00 00 00  ................
[  642.186785] gsp: 000002e0: 00 00 00 00 00 00 00 00 00 00 00 00 00 00 00 00  ................
[  642.186786] gsp: 000002f0: 00 00 00 00 00 00 00 00 00 00 00 00 00 00 00 00  ................
[  642.186787] gsp: 00000300: 00 00 00 00 00 00 00 00 00 00 00 00 00 00 00 00  ................
[  642.186788] gsp: 00000310: 00 00 00 00 00 00 00 00 00 00 00 00 00 00 00 00  ................
[  642.186789] gsp: 00000320: 00 00 00 00 00 00 00 00 00 00 00 00 00 00 00 00  ................
[  642.186790] gsp: 00000330: 00 00 00 00 00 00 00 00 00 00 00 00 00 00 00 00  ................
[  642.186791] gsp: 00000340: 00 00 00 00 00 00 00 00 00 00 00 00 00 00 00 00  ................
[  642.186793] gsp: 00000350: 00 00 00 00 00 00 00 00 00 00 00 00 00 00 00 00  ................
[  642.186794] gsp: 00000360: 00 00 00 00 00 00 00 00 00 00 00 00 00 00 00 00  ................
[  642.186795] gsp: 00000370: 00 00 00 00 00 00 00 00 00 00 00 00 00 00 00 00  ................
[  642.186796] gsp: 00000380: 00 00 00 00 00 00 00 00 00 00 00 00 00 00 00 00  ................
[  642.186797] gsp: 00000390: 00 00 00 00 00 00 00 00 00 00 00 00 00 00 00 00  ................
[  642.186798] gsp: 000003a0: 00 00 00 00 00 00 00 00 00 00 00 00 00 00 00 00  ................
[  642.186800] gsp: 000003b0: 00 00 00 00 00 00 00 00 00 00 00 00 00 00 00 00  ................
[  642.186801] gsp: 000003c0: 00 00 00 00 00 00 00 00 00 00 00 00 00 00 00 00  ................
[  642.186802] gsp: 000003d0: 00 00 00 00 00 00 00 00 00 00 00 00 00 00 00 00  ................
[  642.186803] gsp: 000003e0: 00 00 00 00 00 00 00 00 00 00 00 00 00 00 00 00  ................
[  642.186805] gsp: 00000000: 00 00 00 00 00 00 00 00 00 00 00 00 00 00 00 00  ................
[  642.186807] gsp: 00000010: 00 00 00 00 00 00 00 00 00 00 00 00 00 00 00 00  ................
[  642.186808] gsp: 00000020: 72 6b 4f 31 01 00 00 00 01 00 00 00 00 00 00 00  rkO1............
[  642.186809] gsp: 00000030: 00 00 00 03 56 52 50 43 72 00 00 00 49 00 00 00  ....VRPCr...I...
[  642.186810] gsp: 00000040: ff ff ff ff ff ff ff ff 00 00 00 00 00 00 00 00  ................
[  642.186811] gsp: 00000050: 52 00 00 00 02 00 00 00 28 00 00 00 01 00 00 00  R.......(.......
[  642.186813] gsp: 00000060: 01 00 00 00 00 00 00 00 3c 00 00 00 01 00 00 00  ........<.......
[  642.186814] gsp: 00000070: 01 00 00 00 00 00 00 00 52 4d 53 65 63 42 75 73  ........RMSecBus
[  642.186815] gsp: 00000080: 52 65 73 65 74 45 6e 61 62 6c 65 00 52 4d 46 6f  ResetEnable.RMFo
[  642.186816] gsp: 00000090: 72 63 65 50 63 69 65 43 6f 6e 66 69 67 53 61 76  rcePcieConfigSav
[  642.186817] gsp: 000000a0: 65 00                                            e.
[  642.186990] NovaCore 0000:21:00.0: MBOX: 0xf7d8e000,0x0
[  642.186993] NovaCore: Trying to run Booter loader...
[  642.440851] NovaCore 0000:21:00.0: MBOX: 0x0,0x0
[  642.440857] NovaCore 0000:21:00.0: WPR2: 0x5ff200000-0x5ff2e0000
[  642.440859] NovaCore 0000:21:00.0: GPU instance built
[  643.369504] NovaCore: Got 8112/6328 bytes
[  643.369512] NovaCore: Got fn 0x1002
[  643.369514] NovaCore: Running CPU Sequencer commands
[  643.369516] NovaCore: RegPoll: addr=0x110040, mask=0x80000000, val=0x80000000, timeout=0x0, error=0x3
[  643.369518] NovaCore: RegWrite: addr=0x110040, val=0x0
[  643.369520] NovaCore: CoreReset
[  643.369521] NovaCore: RegWrite: addr=0x110600, val=0x114
[  643.369523] NovaCore: RegPoll: addr=0x110118, mask=0x1, val=0x0, timeout=0x0, error=0x2
[  643.369525] NovaCore: RegWrite: addr=0x110110, val=0x5f30430
[  643.369526] NovaCore: RegWrite: addr=0x110128, val=0x0
[  643.369528] NovaCore: RegPoll: addr=0x110118, mask=0x1, val=0x0, timeout=0x0, error=0x2
[  643.369530] NovaCore: RegWrite: addr=0x110114, val=0x0
[  643.369531] NovaCore: RegWrite: addr=0x11011c, val=0x100
[  643.369533] NovaCore: RegWrite: addr=0x110118, val=0x614
[  643.369535] NovaCore: RegPoll: addr=0x110118, mask=0x1, val=0x0, timeout=0x0, error=0x2
[  643.369536] NovaCore: RegWrite: addr=0x110114, val=0x100
[  643.369538] NovaCore: RegWrite: addr=0x11011c, val=0x200
[  643.369539] NovaCore: RegWrite: addr=0x110118, val=0x614
[  643.369541] NovaCore: RegPoll: addr=0x110118, mask=0x1, val=0x0, timeout=0x0, error=0x2
[  643.369542] NovaCore: RegWrite: addr=0x110114, val=0x200
[  643.369544] NovaCore: RegWrite: addr=0x11011c, val=0x300
[  643.369545] NovaCore: RegWrite: addr=0x110118, val=0x614
[  643.369547] NovaCore: RegPoll: addr=0x110118, mask=0x1, val=0x0, timeout=0x0, error=0x2
[  643.369548] NovaCore: RegWrite: addr=0x110114, val=0x300
[  643.369550] NovaCore: RegWrite: addr=0x11011c, val=0x400
[  643.369551] NovaCore: RegWrite: addr=0x110118, val=0x614
[  643.369553] NovaCore: RegPoll: addr=0x110118, mask=0x1, val=0x0, timeout=0x0, error=0x2
[  643.369555] NovaCore: RegWrite: addr=0x110114, val=0x400
[  643.369557] NovaCore: RegWrite: addr=0x11011c, val=0x500
[  643.369558] NovaCore: RegWrite: addr=0x110118, val=0x614
[  643.369560] NovaCore: RegPoll: addr=0x110118, mask=0x1, val=0x0, timeout=0x0, error=0x2
[  643.369561] NovaCore: RegWrite: addr=0x110114, val=0x500
[  643.369563] NovaCore: RegWrite: addr=0x11011c, val=0x600
[  643.369564] NovaCore: RegWrite: addr=0x110118, val=0x614
[  643.369566] NovaCore: RegPoll: addr=0x110118, mask=0x1, val=0x0, timeout=0x0, error=0x2
[  643.369568] NovaCore: RegWrite: addr=0x110114, val=0x600
[  643.369569] NovaCore: RegWrite: addr=0x11011c, val=0x700
[  643.369571] NovaCore: RegWrite: addr=0x110118, val=0x614
[  643.369572] NovaCore: RegPoll: addr=0x110118, mask=0x1, val=0x0, timeout=0x0, error=0x2
[  643.369574] NovaCore: RegWrite: addr=0x110114, val=0x700
[  643.369575] NovaCore: RegWrite: addr=0x11011c, val=0x800
[  643.369577] NovaCore: RegWrite: addr=0x110118, val=0x614
[  643.369578] NovaCore: RegPoll: addr=0x110118, mask=0x1, val=0x0, timeout=0x0, error=0x2
[  643.369580] NovaCore: RegWrite: addr=0x110114, val=0x800
[  643.369582] NovaCore: RegWrite: addr=0x11011c, val=0x900
[  643.369583] NovaCore: RegWrite: addr=0x110118, val=0x614
[  643.369585] NovaCore: RegPoll: addr=0x110118, mask=0x1, val=0x0, timeout=0x0, error=0x2
[  643.369587] NovaCore: RegWrite: addr=0x110114, val=0x900
[  643.369588] NovaCore: RegWrite: addr=0x11011c, val=0xa00
[  643.369590] NovaCore: RegWrite: addr=0x110118, val=0x614
[  643.369591] NovaCore: RegPoll: addr=0x110118, mask=0x1, val=0x0, timeout=0x0, error=0x2
[  643.369593] NovaCore: RegWrite: addr=0x110114, val=0xa00
[  643.369594] NovaCore: RegWrite: addr=0x11011c, val=0xb00
[  643.369596] NovaCore: RegWrite: addr=0x110118, val=0x614
[  643.369597] NovaCore: RegPoll: addr=0x110118, mask=0x1, val=0x0, timeout=0x0, error=0x2
[  643.369599] NovaCore: RegWrite: addr=0x110114, val=0xb00
[  643.369601] NovaCore: RegWrite: addr=0x11011c, val=0xc00
[  643.369602] NovaCore: RegWrite: addr=0x110118, val=0x614
[  643.369604] NovaCore: RegPoll: addr=0x110118, mask=0x1, val=0x0, timeout=0x0, error=0x2
[  643.369606] NovaCore: RegWrite: addr=0x110114, val=0xc00
[  643.369607] NovaCore: RegWrite: addr=0x11011c, val=0xd00
[  643.369609] NovaCore: RegWrite: addr=0x110118, val=0x614
[  643.369610] NovaCore: RegPoll: addr=0x110118, mask=0x1, val=0x0, timeout=0x0, error=0x2
[  643.369612] NovaCore: RegWrite: addr=0x110114, val=0xd00
[  643.369613] NovaCore: RegWrite: addr=0x11011c, val=0xe00
[  643.369615] NovaCore: RegWrite: addr=0x110118, val=0x614
[  643.369616] NovaCore: RegPoll: addr=0x110118, mask=0x1, val=0x0, timeout=0x0, error=0x2
[  643.369618] NovaCore: RegWrite: addr=0x110114, val=0xe00
[  643.369620] NovaCore: RegWrite: addr=0x11011c, val=0xf00
[  643.369621] NovaCore: RegWrite: addr=0x110118, val=0x614
[  643.369623] NovaCore: RegPoll: addr=0x110118, mask=0x1, val=0x0, timeout=0x0, error=0x2
[  643.369625] NovaCore: RegWrite: addr=0x110114, val=0xf00
[  643.369626] NovaCore: RegWrite: addr=0x11011c, val=0x1000
[  643.369627] NovaCore: RegWrite: addr=0x110118, val=0x614
[  643.369628] NovaCore: RegPoll: addr=0x110118, mask=0x1, val=0x0, timeout=0x0, error=0x2
[  643.369630] NovaCore: RegWrite: addr=0x110114, val=0x1000
[  643.369631] NovaCore: RegWrite: addr=0x11011c, val=0x1100
[  643.369632] NovaCore: RegWrite: addr=0x110118, val=0x614
[  643.369634] NovaCore: RegPoll: addr=0x110118, mask=0x1, val=0x0, timeout=0x0, error=0x2
[  643.369635] NovaCore: RegWrite: addr=0x110114, val=0x1100
[  643.369637] NovaCore: RegWrite: addr=0x11011c, val=0x1200
[  643.369638] NovaCore: RegWrite: addr=0x110118, val=0x614
[  643.369639] NovaCore: RegPoll: addr=0x110118, mask=0x1, val=0x0, timeout=0x0, error=0x2
[  643.369641] NovaCore: RegWrite: addr=0x110114, val=0x1200
[  643.369642] NovaCore: RegWrite: addr=0x11011c, val=0x1300
[  643.369643] NovaCore: RegWrite: addr=0x110118, val=0x614
[  643.369645] NovaCore: RegPoll: addr=0x110118, mask=0x1, val=0x0, timeout=0x0, error=0x2
[  643.369647] NovaCore: RegWrite: addr=0x110114, val=0x1300
[  643.369648] NovaCore: RegWrite: addr=0x11011c, val=0x1400
[  643.369650] NovaCore: RegWrite: addr=0x110118, val=0x614
[  643.369651] NovaCore: RegPoll: addr=0x110118, mask=0x1, val=0x0, timeout=0x0, error=0x2
[  643.369653] NovaCore: RegWrite: addr=0x110114, val=0x1400
[  643.369654] NovaCore: RegWrite: addr=0x11011c, val=0x1500
[  643.369656] NovaCore: RegWrite: addr=0x110118, val=0x614
[  643.369657] NovaCore: RegPoll: addr=0x110118, mask=0x1, val=0x0, timeout=0x0, error=0x2
[  643.369659] NovaCore: RegWrite: addr=0x110114, val=0x1500
[  643.369661] NovaCore: RegWrite: addr=0x11011c, val=0x1600
[  643.369662] NovaCore: RegWrite: addr=0x110118, val=0x614
[  643.369664] NovaCore: RegPoll: addr=0x110118, mask=0x1, val=0x0, timeout=0x0, error=0x2
[  643.369666] NovaCore: RegWrite: addr=0x110114, val=0x1600
[  643.369667] NovaCore: RegWrite: addr=0x11011c, val=0x1700
[  643.369669] NovaCore: RegWrite: addr=0x110118, val=0x614
[  643.369670] NovaCore: RegPoll: addr=0x110118, mask=0x1, val=0x0, timeout=0x0, error=0x2
[  643.369672] NovaCore: RegWrite: addr=0x110114, val=0x1700
[  643.369674] NovaCore: RegWrite: addr=0x11011c, val=0x1800
[  643.369675] NovaCore: RegWrite: addr=0x110118, val=0x614
[  643.369677] NovaCore: RegPoll: addr=0x110118, mask=0x1, val=0x0, timeout=0x0, error=0x2
[  643.369679] NovaCore: RegWrite: addr=0x110114, val=0x1800
[  643.369680] NovaCore: RegWrite: addr=0x11011c, val=0x1900
[  643.369682] NovaCore: RegWrite: addr=0x110118, val=0x614
[  643.369683] NovaCore: RegPoll: addr=0x110118, mask=0x1, val=0x0, timeout=0x0, error=0x2
[  643.369685] NovaCore: RegWrite: addr=0x110114, val=0x1900
[  643.369687] NovaCore: RegWrite: addr=0x11011c, val=0x1a00
[  643.369688] NovaCore: RegWrite: addr=0x110118, val=0x614
[  643.369690] NovaCore: RegPoll: addr=0x110118, mask=0x1, val=0x0, timeout=0x0, error=0x2
[  643.369692] NovaCore: RegWrite: addr=0x110114, val=0x1a00
[  643.369693] NovaCore: RegWrite: addr=0x11011c, val=0x1b00
[  643.369695] NovaCore: RegWrite: addr=0x110118, val=0x614
[  643.369696] NovaCore: RegPoll: addr=0x110118, mask=0x1, val=0x0, timeout=0x0, error=0x2
[  643.369698] NovaCore: RegWrite: addr=0x110114, val=0x1b00
[  643.369699] NovaCore: RegWrite: addr=0x11011c, val=0x1c00
[  643.369701] NovaCore: RegWrite: addr=0x110118, val=0x614
[  643.369703] NovaCore: RegPoll: addr=0x110118, mask=0x1, val=0x0, timeout=0x0, error=0x2
[  643.369705] NovaCore: RegWrite: addr=0x110114, val=0x1c00
[  643.369706] NovaCore: RegWrite: addr=0x11011c, val=0x1d00
[  643.369708] NovaCore: RegWrite: addr=0x110118, val=0x614
[  643.369709] NovaCore: RegPoll: addr=0x110118, mask=0x1, val=0x0, timeout=0x0, error=0x2
[  643.369711] NovaCore: RegWrite: addr=0x110114, val=0x1d00
[  643.369713] NovaCore: RegWrite: addr=0x11011c, val=0x1e00
[  643.369714] NovaCore: RegWrite: addr=0x110118, val=0x614
[  643.369716] NovaCore: RegPoll: addr=0x110118, mask=0x1, val=0x0, timeout=0x0, error=0x2
[  643.369718] NovaCore: RegWrite: addr=0x110114, val=0x1e00
[  643.369719] NovaCore: RegWrite: addr=0x11011c, val=0x1f00
[  643.369721] NovaCore: RegWrite: addr=0x110118, val=0x614
[  643.369723] NovaCore: RegPoll: addr=0x110118, mask=0x1, val=0x0, timeout=0x0, error=0x2
[  643.369725] NovaCore: RegWrite: addr=0x110114, val=0x1f00
[  643.369726] NovaCore: RegWrite: addr=0x11011c, val=0x2000
[  643.369727] NovaCore: RegWrite: addr=0x110118, val=0x614
[  643.369729] NovaCore: RegPoll: addr=0x110118, mask=0x1, val=0x0, timeout=0x0, error=0x2
[  643.369731] NovaCore: RegWrite: addr=0x110114, val=0x2000
[  643.369732] NovaCore: RegWrite: addr=0x11011c, val=0x2100
[  643.369734] NovaCore: RegWrite: addr=0x110118, val=0x614
[  643.369735] NovaCore: RegPoll: addr=0x110118, mask=0x1, val=0x0, timeout=0x0, error=0x2
[  643.369737] NovaCore: RegWrite: addr=0x110114, val=0x2100
[  643.369738] NovaCore: RegWrite: addr=0x11011c, val=0x2200
[  643.369740] NovaCore: RegWrite: addr=0x110118, val=0x614
[  643.369741] NovaCore: RegPoll: addr=0x110118, mask=0x1, val=0x0, timeout=0x0, error=0x2
[  643.369743] NovaCore: RegWrite: addr=0x110114, val=0x2200
[  643.369744] NovaCore: RegWrite: addr=0x11011c, val=0x2300
[  643.369746] NovaCore: RegWrite: addr=0x110118, val=0x614
[  643.369747] NovaCore: RegPoll: addr=0x110118, mask=0x1, val=0x0, timeout=0x0, error=0x2
[  643.369749] NovaCore: RegWrite: addr=0x110114, val=0x2300
[  643.369750] NovaCore: RegWrite: addr=0x11011c, val=0x2400
[  643.369752] NovaCore: RegWrite: addr=0x110118, val=0x614
[  643.369753] NovaCore: RegPoll: addr=0x110118, mask=0x1, val=0x0, timeout=0x0, error=0x2
[  643.369755] NovaCore: RegWrite: addr=0x110114, val=0x2400
[  643.369757] NovaCore: RegWrite: addr=0x11011c, val=0x2500
[  643.369758] NovaCore: RegWrite: addr=0x110118, val=0x614
[  643.369760] NovaCore: RegPoll: addr=0x110118, mask=0x1, val=0x0, timeout=0x0, error=0x2
[  643.369761] NovaCore: RegWrite: addr=0x110114, val=0x2500
[  643.369763] NovaCore: RegWrite: addr=0x11011c, val=0x2600
[  643.369765] NovaCore: RegWrite: addr=0x110118, val=0x614
[  643.369766] NovaCore: RegPoll: addr=0x110118, mask=0x1, val=0x0, timeout=0x0, error=0x2
[  643.369768] NovaCore: RegWrite: addr=0x110114, val=0x2600
[  643.369770] NovaCore: RegWrite: addr=0x11011c, val=0x2700
[  643.369771] NovaCore: RegWrite: addr=0x110118, val=0x614
[  643.369772] NovaCore: RegPoll: addr=0x110118, mask=0x1, val=0x0, timeout=0x0, error=0x2
[  643.369774] NovaCore: RegWrite: addr=0x110114, val=0x2700
[  643.369775] NovaCore: RegWrite: addr=0x11011c, val=0x2800
[  643.369777] NovaCore: RegWrite: addr=0x110118, val=0x614
[  643.369778] NovaCore: RegPoll: addr=0x110118, mask=0x1, val=0x0, timeout=0x0, error=0x2
[  643.369779] NovaCore: RegWrite: addr=0x110114, val=0x2800
[  643.369781] NovaCore: RegWrite: addr=0x11011c, val=0x2900
[  643.369782] NovaCore: RegWrite: addr=0x110118, val=0x614
[  643.369783] NovaCore: RegPoll: addr=0x110118, mask=0x1, val=0x0, timeout=0x0, error=0x2
[  643.369785] NovaCore: RegWrite: addr=0x110114, val=0x2900
[  643.369786] NovaCore: RegWrite: addr=0x11011c, val=0x2a00
[  643.369787] NovaCore: RegWrite: addr=0x110118, val=0x614
[  643.369789] NovaCore: RegPoll: addr=0x110118, mask=0x1, val=0x0, timeout=0x0, error=0x2
[  643.369791] NovaCore: RegWrite: addr=0x110114, val=0x2a00
[  643.369792] NovaCore: RegWrite: addr=0x11011c, val=0x2b00
[  643.369794] NovaCore: RegWrite: addr=0x110118, val=0x614
[  643.369795] NovaCore: RegPoll: addr=0x110118, mask=0x1, val=0x0, timeout=0x0, error=0x2
[  643.369797] NovaCore: RegWrite: addr=0x110114, val=0x2b00
[  643.369798] NovaCore: RegWrite: addr=0x11011c, val=0x2c00
[  643.369800] NovaCore: RegWrite: addr=0x110118, val=0x614
[  643.369801] NovaCore: RegPoll: addr=0x110118, mask=0x1, val=0x0, timeout=0x0, error=0x2
[  643.369803] NovaCore: RegWrite: addr=0x110114, val=0x2c00
[  643.369805] NovaCore: RegWrite: addr=0x11011c, val=0x2d00
[  643.369806] NovaCore: RegWrite: addr=0x110118, val=0x614
[  643.369808] NovaCore: RegPoll: addr=0x110118, mask=0x1, val=0x0, timeout=0x0, error=0x2
[  643.369810] NovaCore: RegWrite: addr=0x110114, val=0x2d00
[  643.369811] NovaCore: RegWrite: addr=0x11011c, val=0x2e00
[  643.369813] NovaCore: RegWrite: addr=0x110118, val=0x614
[  643.369814] NovaCore: RegPoll: addr=0x110118, mask=0x1, val=0x0, timeout=0x0, error=0x2
[  643.369816] NovaCore: RegWrite: addr=0x110114, val=0x2e00
[  643.369818] NovaCore: RegWrite: addr=0x11011c, val=0x2f00
[  643.369819] NovaCore: RegWrite: addr=0x110118, val=0x614
[  643.369821] NovaCore: RegPoll: addr=0x110118, mask=0x1, val=0x0, timeout=0x0, error=0x2
[  643.369822] NovaCore: RegWrite: addr=0x110114, val=0x2f00
[  643.369824] NovaCore: RegWrite: addr=0x11011c, val=0x3000
[  643.369825] NovaCore: RegWrite: addr=0x110118, val=0x614
[  643.369827] NovaCore: RegPoll: addr=0x110118, mask=0x1, val=0x0, timeout=0x0, error=0x2
[  643.369829] NovaCore: RegWrite: addr=0x110114, val=0x3000
[  643.369830] NovaCore: RegWrite: addr=0x11011c, val=0x3100
[  643.369832] NovaCore: RegWrite: addr=0x110118, val=0x614
[  643.369833] NovaCore: RegPoll: addr=0x110118, mask=0x1, val=0x0, timeout=0x0, error=0x2
[  643.369834] NovaCore: RegWrite: addr=0x110114, val=0x3100
[  643.369836] NovaCore: RegWrite: addr=0x11011c, val=0x3200
[  643.369837] NovaCore: RegWrite: addr=0x110118, val=0x614
[  643.369839] NovaCore: RegPoll: addr=0x110118, mask=0x1, val=0x0, timeout=0x0, error=0x2
[  643.369841] NovaCore: RegWrite: addr=0x110114, val=0x3200
[  643.369842] NovaCore: RegWrite: addr=0x11011c, val=0x3300
[  643.369843] NovaCore: RegWrite: addr=0x110118, val=0x614
[  643.369845] NovaCore: RegPoll: addr=0x110118, mask=0x1, val=0x0, timeout=0x0, error=0x2
[  643.369847] NovaCore: RegWrite: addr=0x110114, val=0x3300
[  643.369848] NovaCore: RegWrite: addr=0x11011c, val=0x3400
[  643.369850] NovaCore: RegWrite: addr=0x110118, val=0x614
[  643.369851] NovaCore: RegPoll: addr=0x110118, mask=0x1, val=0x0, timeout=0x0, error=0x2
[  643.369853] NovaCore: RegWrite: addr=0x110114, val=0x3400
[  643.369855] NovaCore: RegWrite: addr=0x11011c, val=0x3500
[  643.369856] NovaCore: RegWrite: addr=0x110118, val=0x614
[  643.369858] NovaCore: RegPoll: addr=0x110118, mask=0x1, val=0x0, timeout=0x0, error=0x2
[  643.369859] NovaCore: RegWrite: addr=0x110114, val=0x3500
[  643.369861] NovaCore: RegWrite: addr=0x11011c, val=0x3600
[  643.369862] NovaCore: RegWrite: addr=0x110118, val=0x614
[  643.369864] NovaCore: RegPoll: addr=0x110118, mask=0x1, val=0x0, timeout=0x0, error=0x2
[  643.369866] NovaCore: RegWrite: addr=0x110114, val=0x3600
[  643.369867] NovaCore: RegWrite: addr=0x11011c, val=0x3700
[  643.369869] NovaCore: RegWrite: addr=0x110118, val=0x614
[  643.369870] NovaCore: RegPoll: addr=0x110118, mask=0x1, val=0x0, timeout=0x0, error=0x2
[  643.369872] NovaCore: RegWrite: addr=0x110114, val=0x3700
[  643.369874] NovaCore: RegWrite: addr=0x11011c, val=0x3800
[  643.369875] NovaCore: RegWrite: addr=0x110118, val=0x614
[  643.369876] NovaCore: RegPoll: addr=0x110118, mask=0x1, val=0x0, timeout=0x0, error=0x2
[  643.369878] NovaCore: RegWrite: addr=0x110114, val=0x3800
[  643.369880] NovaCore: RegWrite: addr=0x11011c, val=0x3900
[  643.369881] NovaCore: RegWrite: addr=0x110118, val=0x614
[  643.369883] NovaCore: RegPoll: addr=0x110118, mask=0x1, val=0x0, timeout=0x0, error=0x2
[  643.369885] NovaCore: RegWrite: addr=0x110114, val=0x3900
[  643.369886] NovaCore: RegWrite: addr=0x11011c, val=0x3a00
[  643.369887] NovaCore: RegWrite: addr=0x110118, val=0x614
[  643.369889] NovaCore: RegPoll: addr=0x110118, mask=0x1, val=0x0, timeout=0x0, error=0x2
[  643.369891] NovaCore: RegWrite: addr=0x110114, val=0x3a00
[  643.369892] NovaCore: RegWrite: addr=0x11011c, val=0x3b00
[  643.369894] NovaCore: RegWrite: addr=0x110118, val=0x614
[  643.369895] NovaCore: RegPoll: addr=0x110118, mask=0x1, val=0x0, timeout=0x0, error=0x2
[  643.369897] NovaCore: RegWrite: addr=0x110114, val=0x3b00
[  643.369899] NovaCore: RegWrite: addr=0x11011c, val=0x3c00
[  643.369900] NovaCore: RegWrite: addr=0x110118, val=0x614
[  643.369902] NovaCore: RegPoll: addr=0x110118, mask=0x1, val=0x0, timeout=0x0, error=0x2
[  643.369903] NovaCore: RegWrite: addr=0x110114, val=0x3c00
[  643.369905] NovaCore: RegWrite: addr=0x11011c, val=0x3d00
[  643.369906] NovaCore: RegWrite: addr=0x110118, val=0x614
[  643.369908] NovaCore: RegPoll: addr=0x110118, mask=0x1, val=0x0, timeout=0x0, error=0x2
[  643.369910] NovaCore: RegWrite: addr=0x110114, val=0x3d00
[  643.369911] NovaCore: RegWrite: addr=0x11011c, val=0x3e00
[  643.369913] NovaCore: RegWrite: addr=0x110118, val=0x614
[  643.369914] NovaCore: RegPoll: addr=0x110118, mask=0x1, val=0x0, timeout=0x0, error=0x2
[  643.369916] NovaCore: RegWrite: addr=0x110114, val=0x3e00
[  643.369917] NovaCore: RegWrite: addr=0x11011c, val=0x3f00
[  643.369919] NovaCore: RegWrite: addr=0x110118, val=0x614
[  643.369920] NovaCore: RegPoll: addr=0x110118, mask=0x1, val=0x0, timeout=0x0, error=0x2
[  643.369922] NovaCore: RegWrite: addr=0x110114, val=0x3f00
[  643.369923] NovaCore: RegWrite: addr=0x11011c, val=0x4000
[  643.369925] NovaCore: RegWrite: addr=0x110118, val=0x614
[  643.369926] NovaCore: RegPoll: addr=0x110118, mask=0x2, val=0x2, timeout=0x0, error=0x2
[  643.369928] NovaCore: RegWrite: addr=0x110110, val=0x5f30471
[  643.369930] NovaCore: RegWrite: addr=0x110128, val=0x0
[  643.369931] NovaCore: RegPoll: addr=0x110118, mask=0x1, val=0x0, timeout=0x0, error=0x2
[  643.369933] NovaCore: RegWrite: addr=0x110114, val=0x0
[  643.369934] NovaCore: RegWrite: addr=0x11011c, val=0x0
[  643.369936] NovaCore: RegWrite: addr=0x110118, val=0x600
[  643.369937] NovaCore: RegPoll: addr=0x110118, mask=0x1, val=0x0, timeout=0x0, error=0x2
[  643.369939] NovaCore: RegWrite: addr=0x110114, val=0x100
[  643.369941] NovaCore: RegWrite: addr=0x11011c, val=0x100
[  643.369942] NovaCore: RegWrite: addr=0x110118, val=0x600
[  643.369944] NovaCore: RegPoll: addr=0x110118, mask=0x1, val=0x0, timeout=0x0, error=0x2
[  643.369946] NovaCore: RegWrite: addr=0x110114, val=0x200
[  643.369947] NovaCore: RegWrite: addr=0x11011c, val=0x200
[  643.369949] NovaCore: RegWrite: addr=0x110118, val=0x600
[  643.369950] NovaCore: RegPoll: addr=0x110118, mask=0x1, val=0x0, timeout=0x0, error=0x2
[  643.369952] NovaCore: RegWrite: addr=0x110114, val=0x300
[  643.369953] NovaCore: RegWrite: addr=0x11011c, val=0x300
[  643.369955] NovaCore: RegWrite: addr=0x110118, val=0x600
[  643.369956] NovaCore: RegPoll: addr=0x110118, mask=0x1, val=0x0, timeout=0x0, error=0x2
[  643.369958] NovaCore: RegWrite: addr=0x110114, val=0x400
[  643.369960] NovaCore: RegWrite: addr=0x11011c, val=0x400
[  643.369961] NovaCore: RegWrite: addr=0x110118, val=0x600
[  643.369962] NovaCore: RegPoll: addr=0x110118, mask=0x1, val=0x0, timeout=0x0, error=0x2
[  643.369964] NovaCore: RegWrite: addr=0x110114, val=0x500
[  643.369966] NovaCore: RegWrite: addr=0x11011c, val=0x500
[  643.369968] NovaCore: RegWrite: addr=0x110118, val=0x600
[  643.369969] NovaCore: RegPoll: addr=0x110118, mask=0x1, val=0x0, timeout=0x0, error=0x2
[  643.369971] NovaCore: RegWrite: addr=0x110114, val=0x600
[  643.369973] NovaCore: RegWrite: addr=0x11011c, val=0x600
[  643.369974] NovaCore: RegWrite: addr=0x110118, val=0x600
[  643.369976] NovaCore: RegPoll: addr=0x110118, mask=0x1, val=0x0, timeout=0x0, error=0x2
[  643.369977] NovaCore: RegWrite: addr=0x110114, val=0x700
[  643.369979] NovaCore: RegWrite: addr=0x11011c, val=0x700
[  643.369980] NovaCore: RegWrite: addr=0x110118, val=0x600
[  643.369982] NovaCore: RegPoll: addr=0x110118, mask=0x1, val=0x0, timeout=0x0, error=0x2
[  643.369984] NovaCore: RegWrite: addr=0x110114, val=0x800
[  643.369985] NovaCore: RegWrite: addr=0x11011c, val=0x800
[  643.369987] NovaCore: RegWrite: addr=0x110118, val=0x600
[  643.369988] NovaCore: RegPoll: addr=0x110118, mask=0x1, val=0x0, timeout=0x0, error=0x2
[  643.369990] NovaCore: RegWrite: addr=0x110114, val=0x900
[  643.369992] NovaCore: RegWrite: addr=0x11011c, val=0x900
[  643.369993] NovaCore: RegWrite: addr=0x110118, val=0x600
[  643.369995] NovaCore: RegPoll: addr=0x110118, mask=0x1, val=0x0, timeout=0x0, error=0x2
[  643.369997] NovaCore: RegWrite: addr=0x110114, val=0xa00
[  643.369998] NovaCore: RegWrite: addr=0x11011c, val=0xa00
[  643.370000] NovaCore: RegWrite: addr=0x110118, val=0x600
[  643.370001] NovaCore: RegPoll: addr=0x110118, mask=0x1, val=0x0, timeout=0x0, error=0x2
[  643.370003] NovaCore: RegWrite: addr=0x110114, val=0xb00
[  643.370005] NovaCore: RegWrite: addr=0x11011c, val=0xb00
[  643.370006] NovaCore: RegWrite: addr=0x110118, val=0x600
[  643.370008] NovaCore: RegPoll: addr=0x110118, mask=0x1, val=0x0, timeout=0x0, error=0x2
[  643.370009] NovaCore: RegWrite: addr=0x110114, val=0xc00
[  643.370011] NovaCore: RegWrite: addr=0x11011c, val=0xc00
[  643.370012] NovaCore: RegWrite: addr=0x110118, val=0x600
[  643.370014] NovaCore: RegPoll: addr=0x110118, mask=0x1, val=0x0, timeout=0x0, error=0x2
[  643.370016] NovaCore: RegWrite: addr=0x110114, val=0xd00
[  643.370017] NovaCore: RegWrite: addr=0x11011c, val=0xd00
[  643.370019] NovaCore: RegWrite: addr=0x110118, val=0x600
[  643.370020] NovaCore: RegPoll: addr=0x110118, mask=0x1, val=0x0, timeout=0x0, error=0x2
[  643.370022] NovaCore: RegWrite: addr=0x110114, val=0xe00
[  643.370024] NovaCore: RegWrite: addr=0x11011c, val=0xe00
[  643.370025] NovaCore: RegWrite: addr=0x110118, val=0x600
[  643.370026] NovaCore: RegPoll: addr=0x110118, mask=0x1, val=0x0, timeout=0x0, error=0x2
[  643.370033] NovaCore: RegWrite: addr=0x110114, val=0xf00
[  643.370034] NovaCore: RegWrite: addr=0x11011c, val=0xf00
[  643.370036] NovaCore: RegWrite: addr=0x110118, val=0x600
[  643.370037] NovaCore: RegPoll: addr=0x110118, mask=0x1, val=0x0, timeout=0x0, error=0x2
[  643.370039] NovaCore: RegWrite: addr=0x110114, val=0x1000
[  643.370040] NovaCore: RegWrite: addr=0x11011c, val=0x1000
[  643.370042] NovaCore: RegWrite: addr=0x110118, val=0x600
[  643.370043] NovaCore: RegPoll: addr=0x110118, mask=0x1, val=0x0, timeout=0x0, error=0x2
[  643.370045] NovaCore: RegWrite: addr=0x110114, val=0x1100
[  643.370047] NovaCore: RegWrite: addr=0x11011c, val=0x1100
[  643.370048] NovaCore: RegWrite: addr=0x110118, val=0x600
[  643.370050] NovaCore: RegPoll: addr=0x110118, mask=0x1, val=0x0, timeout=0x0, error=0x2
[  643.370052] NovaCore: RegWrite: addr=0x110114, val=0x1200
[  643.370053] NovaCore: RegWrite: addr=0x11011c, val=0x1200
[  643.370054] NovaCore: RegWrite: addr=0x110118, val=0x600
[  643.370056] NovaCore: RegPoll: addr=0x110118, mask=0x1, val=0x0, timeout=0x0, error=0x2
[  643.370058] NovaCore: RegWrite: addr=0x110114, val=0x1300
[  643.370059] NovaCore: RegWrite: addr=0x11011c, val=0x1300
[  643.370061] NovaCore: RegWrite: addr=0x110118, val=0x600
[  643.370063] NovaCore: RegPoll: addr=0x110118, mask=0x1, val=0x0, timeout=0x0, error=0x2
[  643.370064] NovaCore: RegWrite: addr=0x110114, val=0x1400
[  643.370066] NovaCore: RegWrite: addr=0x11011c, val=0x1400
[  643.370067] NovaCore: RegWrite: addr=0x110118, val=0x600
[  643.370068] NovaCore: RegPoll: addr=0x110118, mask=0x1, val=0x0, timeout=0x0, error=0x2
[  643.370070] NovaCore: RegWrite: addr=0x110114, val=0x1500
[  643.370071] NovaCore: RegWrite: addr=0x11011c, val=0x1500
[  643.370073] NovaCore: RegWrite: addr=0x110118, val=0x600
[  643.370074] NovaCore: RegPoll: addr=0x110118, mask=0x1, val=0x0, timeout=0x0, error=0x2
[  643.370076] NovaCore: RegWrite: addr=0x110114, val=0x1600
[  643.370078] NovaCore: RegWrite: addr=0x11011c, val=0x1600
[  643.370079] NovaCore: RegWrite: addr=0x110118, val=0x600
[  643.370081] NovaCore: RegPoll: addr=0x110118, mask=0x1, val=0x0, timeout=0x0, error=0x2
[  643.370082] NovaCore: RegWrite: addr=0x110114, val=0x1700
[  643.370084] NovaCore: RegWrite: addr=0x11011c, val=0x1700
[  643.370085] NovaCore: RegWrite: addr=0x110118, val=0x600
[  643.370087] NovaCore: RegPoll: addr=0x110118, mask=0x1, val=0x0, timeout=0x0, error=0x2
[  643.370089] NovaCore: RegWrite: addr=0x110114, val=0x1800
[  643.370090] NovaCore: RegWrite: addr=0x11011c, val=0x1800
[  643.370092] NovaCore: RegWrite: addr=0x110118, val=0x600
[  643.370094] NovaCore: RegPoll: addr=0x110118, mask=0x1, val=0x0, timeout=0x0, error=0x2
[  643.370095] NovaCore: RegWrite: addr=0x110114, val=0x1900
[  643.370097] NovaCore: RegWrite: addr=0x11011c, val=0x1900
[  643.370099] NovaCore: RegWrite: addr=0x110118, val=0x600
[  643.370101] NovaCore: RegPoll: addr=0x110118, mask=0x1, val=0x0, timeout=0x0, error=0x2
[  643.370103] NovaCore: RegWrite: addr=0x110114, val=0x1a00
[  643.370105] NovaCore: RegWrite: addr=0x11011c, val=0x1a00
[  643.370107] NovaCore: RegWrite: addr=0x110118, val=0x600
[  643.370109] NovaCore: RegPoll: addr=0x110118, mask=0x1, val=0x0, timeout=0x0, error=0x2
[  643.370111] NovaCore: RegWrite: addr=0x110114, val=0x1b00
[  643.370114] NovaCore: RegWrite: addr=0x11011c, val=0x1b00
[  643.370115] NovaCore: RegWrite: addr=0x110118, val=0x600
[  643.370117] NovaCore: RegPoll: addr=0x110118, mask=0x1, val=0x0, timeout=0x0, error=0x2
[  643.370119] NovaCore: RegWrite: addr=0x110114, val=0x1c00
[  643.370121] NovaCore: RegWrite: addr=0x11011c, val=0x1c00
[  643.370122] NovaCore: RegWrite: addr=0x110118, val=0x600
[  643.370124] NovaCore: RegPoll: addr=0x110118, mask=0x1, val=0x0, timeout=0x0, error=0x2
[  643.370126] NovaCore: RegWrite: addr=0x110114, val=0x1d00
[  643.370128] NovaCore: RegWrite: addr=0x11011c, val=0x1d00
[  643.370130] NovaCore: RegWrite: addr=0x110118, val=0x600
[  643.370131] NovaCore: RegPoll: addr=0x110118, mask=0x1, val=0x0, timeout=0x0, error=0x2
[  643.370134] NovaCore: RegWrite: addr=0x110114, val=0x1e00
[  643.370136] NovaCore: RegWrite: addr=0x11011c, val=0x1e00
[  643.370138] NovaCore: RegWrite: addr=0x110118, val=0x600
[  643.370140] NovaCore: RegPoll: addr=0x110118, mask=0x1, val=0x0, timeout=0x0, error=0x2
[  643.370142] NovaCore: RegWrite: addr=0x110114, val=0x1f00
[  643.370144] NovaCore: RegWrite: addr=0x11011c, val=0x1f00
[  643.370146] NovaCore: RegWrite: addr=0x110118, val=0x600
[  643.370147] NovaCore: RegPoll: addr=0x110118, mask=0x1, val=0x0, timeout=0x0, error=0x2
[  643.370149] NovaCore: RegWrite: addr=0x110114, val=0x2000
[  643.370152] NovaCore: RegWrite: addr=0x11011c, val=0x2000
[  643.370153] NovaCore: RegWrite: addr=0x110118, val=0x600
[  643.370155] NovaCore: RegPoll: addr=0x110118, mask=0x1, val=0x0, timeout=0x0, error=0x2
[  643.370158] NovaCore: RegWrite: addr=0x110114, val=0x2100
[  643.370159] NovaCore: RegWrite: addr=0x11011c, val=0x2100
[  643.370161] NovaCore: RegWrite: addr=0x110118, val=0x600
[  643.370163] NovaCore: RegPoll: addr=0x110118, mask=0x1, val=0x0, timeout=0x0, error=0x2
[  643.370166] NovaCore: RegWrite: addr=0x110114, val=0x2200
[  643.370168] NovaCore: RegWrite: addr=0x11011c, val=0x2200
[  643.370169] NovaCore: RegWrite: addr=0x110118, val=0x600
[  643.370171] NovaCore: RegPoll: addr=0x110118, mask=0x1, val=0x0, timeout=0x0, error=0x2
[  643.370174] NovaCore: RegWrite: addr=0x110114, val=0x2300
[  643.370176] NovaCore: RegWrite: addr=0x11011c, val=0x2300
[  643.370177] NovaCore: RegWrite: addr=0x110118, val=0x600
[  643.370180] NovaCore: RegPoll: addr=0x110118, mask=0x2, val=0x2, timeout=0x0, error=0x2
[  643.370182] NovaCore: RegWrite: addr=0x111210, val=0x1f10
[  643.370184] NovaCore: RegWrite: addr=0x11119c, val=0x400
[  643.370186] NovaCore: RegWrite: addr=0x111198, val=0x1
[  643.370187] NovaCore: RegWrite: addr=0x111180, val=0x1
[  643.370189] NovaCore: RegWrite: addr=0x110040, val=0xfe
[  643.370190] NovaCore: RegWrite: addr=0x110104, val=0x100
[  643.370192] NovaCore: CoreStart
[  643.370193] NovaCore: CoreWaitForHalt
[  643.370195] NovaCore: CoreResume
[  643.370196] NovaCore: RegWrite: addr=0x0, val=0x0
[  643.370198] NovaCore: RegWrite: addr=0x0, val=0x0
[  643.370200] NovaCore: RegWrite: addr=0x0, val=0x0
[  643.370202] NovaCore: RegWrite: addr=0x0, val=0x0
[  643.370203] NovaCore: RegWrite: addr=0x0, val=0x0
[  643.370205] NovaCore: RegWrite: addr=0x0, val=0x0
[  643.370207] NovaCore: RegWrite: addr=0x0, val=0x0
[  643.370209] NovaCore: RegWrite: addr=0x0, val=0x0
[  643.370211] NovaCore: RegWrite: addr=0x0, val=0x0
[  643.370212] NovaCore: RegWrite: addr=0x0, val=0x0
[  643.370214] NovaCore: RegWrite: addr=0x0, val=0x0
[  643.370216] NovaCore: RegWrite: addr=0x0, val=0x0
[  643.370218] NovaCore: RegWrite: addr=0x0, val=0x0
[  643.370219] NovaCore: RegWrite: addr=0x0, val=0x0
[  643.370221] NovaCore: RegWrite: addr=0x0, val=0x0
[  643.370223] NovaCore: RegWrite: addr=0x0, val=0x0
[  643.370225] NovaCore: RegWrite: addr=0x0, val=0x0
[  643.370227] NovaCore: RegWrite: addr=0x0, val=0x0
[  643.370229] NovaCore: RegWrite: addr=0x0, val=0x0
[  643.370231] NovaCore: RegWrite: addr=0x0, val=0x0
[  643.370232] NovaCore: RegWrite: addr=0x0, val=0x0
[  643.370234] NovaCore: RegWrite: addr=0x0, val=0x0
[  643.370236] NovaCore: RegWrite: addr=0x0, val=0x0
[  643.370238] NovaCore: RegWrite: addr=0x0, val=0x0
[  643.370239] NovaCore: RegWrite: addr=0x0, val=0x0
[  643.370241] NovaCore: RegWrite: addr=0x0, val=0x0
[  643.370242] NovaCore: RegWrite: addr=0x0, val=0x0
[  643.370244] NovaCore: RegWrite: addr=0x0, val=0x0
[  643.370245] NovaCore: RegWrite: addr=0x0, val=0x0
[  643.370247] NovaCore: RegWrite: addr=0x0, val=0x0
[  643.370248] NovaCore: RegWrite: addr=0x0, val=0x0
[  643.370250] NovaCore: RegWrite: addr=0x0, val=0x0
[  643.370251] NovaCore: RegWrite: addr=0x0, val=0x0
[  643.370253] NovaCore: RegWrite: addr=0x0, val=0x0
[  643.370254] NovaCore: RegWrite: addr=0x0, val=0x0
[  643.370255] NovaCore: RegWrite: addr=0x0, val=0x0
[  643.370257] NovaCore: RegWrite: addr=0x0, val=0x0
[  643.370258] NovaCore: RegWrite: addr=0x0, val=0x0
[  643.370260] NovaCore: RegWrite: addr=0x0, val=0x0
[  643.370261] NovaCore: RegWrite: addr=0x0, val=0x0
[  643.370263] NovaCore: RegWrite: addr=0x0, val=0x0
[  643.370264] NovaCore: RegWrite: addr=0x0, val=0x0
[  643.370265] NovaCore: RegWrite: addr=0x0, val=0x0
[  643.370267] NovaCore: RegWrite: addr=0x0, val=0x0
[  643.370268] NovaCore: RegWrite: addr=0x0, val=0x0
[  643.370270] NovaCore: RegWrite: addr=0x0, val=0x0
[  643.370271] NovaCore: RegWrite: addr=0x0, val=0x0
[  643.370273] NovaCore: RegWrite: addr=0x0, val=0x0
[  643.370274] NovaCore: RegWrite: addr=0x0, val=0x0
[  643.370276] NovaCore: RegWrite: addr=0x0, val=0x0
[  643.370277] NovaCore: RegWrite: addr=0x0, val=0x0
[  643.370278] NovaCore: RegWrite: addr=0x0, val=0x0
[  643.370280] NovaCore: RegWrite: addr=0x0, val=0x0
[  643.370281] NovaCore: RegWrite: addr=0x0, val=0x0
[  643.370283] NovaCore: RegWrite: addr=0x0, val=0x0
[  643.370284] NovaCore: RegWrite: addr=0x0, val=0x0
[  643.370286] NovaCore: RegWrite: addr=0x0, val=0x0
[  643.370287] NovaCore: RegWrite: addr=0x0, val=0x0
[  643.370288] NovaCore: RegWrite: addr=0x0, val=0x0
[  643.370290] NovaCore: RegWrite: addr=0x0, val=0x0
[  643.370291] NovaCore: RegWrite: addr=0x0, val=0x0
[  643.370292] NovaCore: RegWrite: addr=0x0, val=0x0
[  643.370294] NovaCore: RegWrite: addr=0x0, val=0x0
[  643.370295] NovaCore: RegWrite: addr=0x0, val=0x0
[  643.370296] NovaCore: RegWrite: addr=0x0, val=0x0
[  643.370298] NovaCore: RegWrite: addr=0x0, val=0x0
[  643.370299] NovaCore: RegWrite: addr=0x0, val=0x0
[  643.370300] NovaCore: RegWrite: addr=0x0, val=0x0
[  643.370302] NovaCore: RegWrite: addr=0x0, val=0x0
[  643.370303] NovaCore: RegWrite: addr=0x0, val=0x0
[  643.370305] NovaCore: RegWrite: addr=0x0, val=0x0
[  643.370306] NovaCore: RegWrite: addr=0x0, val=0x0
[  643.370308] NovaCore: RegWrite: addr=0x0, val=0x0
[  643.370309] NovaCore: RegWrite: addr=0x0, val=0x0
[  643.370310] NovaCore: RegWrite: addr=0x0, val=0x0
[  643.370312] NovaCore: RegWrite: addr=0x0, val=0x0
[  643.370313] NovaCore: RegWrite: addr=0x0, val=0x0
[  643.370315] NovaCore: RegWrite: addr=0x0, val=0x0
[  643.370316] NovaCore: RegWrite: addr=0x0, val=0x0
[  643.370318] NovaCore: RegWrite: addr=0x0, val=0x0
[  643.370319] NovaCore: RegWrite: addr=0x0, val=0x0
[  643.370321] NovaCore: RegWrite: addr=0x0, val=0x0
[  643.370322] NovaCore: RegWrite: addr=0x0, val=0x0
[  643.370323] NovaCore: RegWrite: addr=0x0, val=0x0
[  643.370325] NovaCore: RegWrite: addr=0x0, val=0x0
[  643.370326] NovaCore: RegWrite: addr=0x0, val=0x0
[  643.370328] NovaCore: RegWrite: addr=0x0, val=0x0
[  643.370329] NovaCore: RegWrite: addr=0x0, val=0x0
[  643.370330] NovaCore: RegWrite: addr=0x0, val=0x0
[  643.370332] NovaCore: RegWrite: addr=0x0, val=0x0
[  643.370333] NovaCore: RegWrite: addr=0x0, val=0x0
[  643.370335] NovaCore: RegWrite: addr=0x0, val=0x0
[  643.370336] NovaCore: RegWrite: addr=0x0, val=0x0
[  643.370338] NovaCore: RegWrite: addr=0x0, val=0x0
[  643.370339] NovaCore: RegWrite: addr=0x0, val=0x0
[  643.370340] NovaCore: RegWrite: addr=0x0, val=0x0
[  643.370342] NovaCore: RegWrite: addr=0x0, val=0x0
[  643.370343] NovaCore: RegWrite: addr=0x0, val=0x0
[  643.370345] NovaCore: RegWrite: addr=0x0, val=0x0
[  643.370346] NovaCore: RegWrite: addr=0x0, val=0x0
[  643.370348] NovaCore: RegWrite: addr=0x0, val=0x0
[  643.370349] NovaCore: RegWrite: addr=0x0, val=0x0
[  643.370351] NovaCore: RegWrite: addr=0x0, val=0x0
[  643.370352] NovaCore: RegWrite: addr=0x0, val=0x0
[  643.370353] NovaCore: RegWrite: addr=0x0, val=0x0
[  643.370355] NovaCore: RegWrite: addr=0x0, val=0x0
[  643.370356] NovaCore: RegWrite: addr=0x0, val=0x0
[  643.370357] NovaCore: RegWrite: addr=0x0, val=0x0
[  643.370359] NovaCore: RegWrite: addr=0x0, val=0x0
[  643.370360] NovaCore: RegWrite: addr=0x0, val=0x0
[  643.370361] NovaCore: RegWrite: addr=0x0, val=0x0
[  643.370363] NovaCore: RegWrite: addr=0x0, val=0x0
[  643.370364] NovaCore: RegWrite: addr=0x0, val=0x0
[  643.370366] NovaCore: RegWrite: addr=0x0, val=0x0
[  643.370367] NovaCore: RegWrite: addr=0x0, val=0x0
[  643.370369] NovaCore: RegWrite: addr=0x0, val=0x0
[  643.370370] NovaCore: RegWrite: addr=0x0, val=0x0
[  643.370371] NovaCore: RegWrite: addr=0x0, val=0x0
[  643.370373] NovaCore: RegWrite: addr=0x0, val=0x0
[  643.370374] NovaCore: RegWrite: addr=0x0, val=0x0
[  643.370376] NovaCore: RegWrite: addr=0x0, val=0x0
[  643.370377] NovaCore: RegWrite: addr=0x0, val=0x0
[  643.370379] NovaCore: RegWrite: addr=0x0, val=0x0
[  643.370380] NovaCore: RegWrite: addr=0x0, val=0x0
[  643.370382] NovaCore: RegWrite: addr=0x0, val=0x0
[  643.370383] NovaCore: RegWrite: addr=0x0, val=0x0
[  643.370384] NovaCore: RegWrite: addr=0x0, val=0x0
[  643.370386] NovaCore: RegWrite: addr=0x0, val=0x0
[  643.370387] NovaCore: RegWrite: addr=0x0, val=0x0
[  643.370389] NovaCore: RegWrite: addr=0x0, val=0x0
[  643.370390] NovaCore: RegWrite: addr=0x0, val=0x0
[  643.370392] NovaCore: RegWrite: addr=0x0, val=0x0
[  643.370393] NovaCore: RegWrite: addr=0x0, val=0x0
[  643.370394] NovaCore: RegWrite: addr=0x0, val=0x0
[  643.370396] NovaCore: RegWrite: addr=0x0, val=0x0
[  643.370397] NovaCore: RegWrite: addr=0x0, val=0x0
[  643.370399] NovaCore: RegWrite: addr=0x0, val=0x0
[  643.370400] NovaCore: RegWrite: addr=0x0, val=0x0
[  643.370401] NovaCore: RegWrite: addr=0x0, val=0x0
[  643.370403] NovaCore: RegWrite: addr=0x0, val=0x0
[  643.370404] NovaCore: RegWrite: addr=0x0, val=0x0
[  643.370406] NovaCore: RegWrite: addr=0x0, val=0x0
[  643.370407] NovaCore: RegWrite: addr=0x0, val=0x0
[  643.370408] NovaCore: RegWrite: addr=0x0, val=0x0
[  643.370410] NovaCore: RegWrite: addr=0x0, val=0x0
[  643.370411] NovaCore: RegWrite: addr=0x0, val=0x0
[  643.370413] NovaCore: RegWrite: addr=0x0, val=0x0
[  643.370414] NovaCore: RegWrite: addr=0x0, val=0x0
[  643.370415] NovaCore: RegWrite: addr=0x0, val=0x0
[  643.370417] NovaCore: RegWrite: addr=0x0, val=0x0
[  643.370418] NovaCore: RegWrite: addr=0x0, val=0x0
[  643.370419] NovaCore: RegWrite: addr=0x0, val=0x0
[  643.370421] NovaCore: Stopping iteration: cmds_processed=572, total_cmds=1564, current_offset=8080, cmd_data.len=8072
[  643.370674] NovaCore: CPU Sequencer
[  643.370676] NovaCore: rpc_run_cpu_sequencer_v17_00 { bufferSizeDWord: 16354, cmdIndex: 1564, regSaveArea: [0, 0, 0, 0, 0, 0, 0, 0], commandBuffer: __IncompleteArrayField }
